127.0.0.1 - - [19/May/2022:09:54:13 +0900] "GET / HTTP/1.1" 404 807
0:0:0:0:0:0:0:1 - - [19/May/2022:09:54:14 +0900] "GET /step02/test.html HTTP/1.1" 200 413
0:0:0:0:0:0:0:1 - - [19/May/2022:09:54:14 +0900] "GET /favicon.ico HTTP/1.1" 404 818
0:0:0:0:0:0:0:1 - - [19/May/2022:09:54:16 +0900] "GET /step02/otherSite?site=naver HTTP/1.1" 200 -
127.0.0.1 - - [19/May/2022:09:55:45 +0900] "GET / HTTP/1.1" 404 807
0:0:0:0:0:0:0:1 - - [19/May/2022:09:55:46 +0900] "GET /step02/test.html HTTP/1.1" 304 -
0:0:0:0:0:0:0:1 - - [19/May/2022:09:55:51 +0900] "GET /step02/otherSite?site=naver HTTP/1.1" 302 -
127.0.0.1 - - [19/May/2022:09:56:51 +0900] "GET / HTTP/1.1" 404 807
0:0:0:0:0:0:0:1 - - [19/May/2022:09:56:51 +0900] "GET /step02/otherSite HTTP/1.1" 500 1140
127.0.0.1 - - [19/May/2022:09:57:14 +0900] "GET / HTTP/1.1" 404 807
0:0:0:0:0:0:0:1 - - [19/May/2022:09:57:14 +0900] "GET /step02/test.html HTTP/1.1" 304 -
0:0:0:0:0:0:0:1 - - [19/May/2022:09:57:17 +0900] "GET /step02/otherSite?site=google HTTP/1.1" 200 -
127.0.0.1 - - [19/May/2022:09:57:57 +0900] "GET / HTTP/1.1" 404 807
0:0:0:0:0:0:0:1 - - [19/May/2022:09:57:59 +0900] "GET /step02/otherSite?site=google HTTP/1.1" 200 -
127.0.0.1 - - [19/May/2022:10:11:32 +0900] "GET / HTTP/1.1" 404 807
0:0:0:0:0:0:0:1 - - [19/May/2022:10:11:32 +0900] "GET /step02/test.html HTTP/1.1" 304 -
0:0:0:0:0:0:0:1 - - [19/May/2022:10:11:35 +0900] "GET /step02/otherSite?site=google HTTP/1.1" 302 -
127.0.0.1 - - [19/May/2022:10:35:09 +0900] "GET / HTTP/1.1" 404 807
0:0:0:0:0:0:0:1 - - [19/May/2022:10:35:10 +0900] "GET /step02/page1 HTTP/1.1" 200 32
127.0.0.1 - - [19/May/2022:10:36:00 +0900] "GET / HTTP/1.1" 404 807
0:0:0:0:0:0:0:1 - - [19/May/2022:10:36:00 +0900] "GET /step02/page1 HTTP/1.1" 200 35
127.0.0.1 - - [19/May/2022:10:37:18 +0900] "GET / HTTP/1.1" 404 807
0:0:0:0:0:0:0:1 - - [19/May/2022:10:37:19 +0900] "GET /step02/page1 HTTP/1.1" 200 43
127.0.0.1 - - [19/May/2022:11:00:41 +0900] "GET / HTTP/1.1" 404 807
0:0:0:0:0:0:0:1 - - [19/May/2022:11:00:42 +0900] "GET /step02/forward.html HTTP/1.1" 200 376
0:0:0:0:0:0:0:1 - - [19/May/2022:11:00:54 +0900] "POST /step02/mouseInsert HTTP/1.1" 200 75
0:0:0:0:0:0:0:1 - - [19/May/2022:11:10:25 +0900] "POST /step02/mouseInsert HTTP/1.1" 200 75
127.0.0.1 - - [19/May/2022:11:32:03 +0900] "GET / HTTP/1.1" 404 807
0:0:0:0:0:0:0:1 - - [19/May/2022:11:32:04 +0900] "GET /step03/scriptletTest.jsp HTTP/1.1" 500 2383
127.0.0.1 - - [19/May/2022:11:33:18 +0900] "GET / HTTP/1.1" 404 807
0:0:0:0:0:0:0:1 - - [19/May/2022:11:33:20 +0900] "GET /step03/scriptletTest.jsp HTTP/1.1" 200 156
0:0:0:0:0:0:0:1 - - [19/May/2022:11:34:48 +0900] "GET /step03/scriptletTest.jsp?name=tomb HTTP/1.1" 200 155
0:0:0:0:0:0:0:1 - - [19/May/2022:11:43:56 +0900] "GET /step03/elTest.jsp HTTP/1.1" 200 172
0:0:0:0:0:0:0:1 - - [19/May/2022:11:44:08 +0900] "GET /step03/elTest.jsp HTTP/1.1" 200 172
0:0:0:0:0:0:0:1 - - [19/May/2022:11:44:16 +0900] "GET /step03/elTest.jsp?name2=jerry HTTP/1.1" 200 177
127.0.0.1 - - [19/May/2022:11:45:42 +0900] "GET / HTTP/1.1" 404 807
0:0:0:0:0:0:0:1 - - [19/May/2022:11:45:44 +0900] "GET /step03/elTest.jsp HTTP/1.1" 200 218
0:0:0:0:0:0:0:1 - - [19/May/2022:11:45:55 +0900] "GET /step03/elTest.jsp?name2=jerry&name=tom HTTP/1.1" 200 222
0:0:0:0:0:0:0:1 - - [19/May/2022:12:14:47 +0900] "GET /step02/page1 HTTP/1.1" 200 43
127.0.0.1 - - [19/May/2022:12:15:26 +0900] "GET / HTTP/1.1" 404 807
0:0:0:0:0:0:0:1 - - [19/May/2022:12:15:27 +0900] "GET /step02/page1 HTTP/1.1" 200 43
127.0.0.1 - - [19/May/2022:12:20:47 +0900] "GET / HTTP/1.1" 404 807
0:0:0:0:0:0:0:1 - - [19/May/2022:12:20:48 +0900] "GET /step02/otherSite HTTP/1.1" 500 1140
127.0.0.1 - - [19/May/2022:12:23:51 +0900] "GET / HTTP/1.1" 404 807
0:0:0:0:0:0:0:1 - - [19/May/2022:12:23:52 +0900] "GET /step02/otherSite HTTP/1.1" 500 1140
127.0.0.1 - - [19/May/2022:12:26:54 +0900] "GET / HTTP/1.1" 404 807
0:0:0:0:0:0:0:1 - - [19/May/2022:12:26:54 +0900] "GET /step02/redirect.html HTTP/1.1" 200 413
0:0:0:0:0:0:0:1 - - [19/May/2022:12:27:54 +0900] "GET /step02/otherSite?site=naver HTTP/1.1" 302 -
0:0:0:0:0:0:0:1 - - [19/May/2022:12:27:56 +0900] "GET /step02/otherSite?site=google HTTP/1.1" 302 -
127.0.0.1 - - [19/May/2022:12:30:25 +0900] "GET / HTTP/1.1" 404 807
0:0:0:0:0:0:0:1 - - [19/May/2022:12:30:25 +0900] "GET /step02/mouseResult HTTP/1.1" 405 825
127.0.0.1 - - [19/May/2022:12:30:44 +0900] "GET / HTTP/1.1" 404 807
0:0:0:0:0:0:0:1 - - [19/May/2022:12:30:44 +0900] "GET /step02/mouseInsert HTTP/1.1" 405 825
127.0.0.1 - - [19/May/2022:12:31:09 +0900] "GET / HTTP/1.1" 404 807
0:0:0:0:0:0:0:1 - - [19/May/2022:12:31:10 +0900] "GET /step02/forward.html HTTP/1.1" 304 -
0:0:0:0:0:0:0:1 - - [19/May/2022:12:31:21 +0900] "POST /step02/mouseInsert HTTP/1.1" 200 66
0:0:0:0:0:0:0:1 - - [19/May/2022:12:36:02 +0900] "POST /step02/mouseInsert HTTP/1.1" 200 75
127.0.0.1 - - [19/May/2022:12:39:22 +0900] "GET / HTTP/1.1" 404 807
0:0:0:0:0:0:0:1 - - [19/May/2022:12:39:23 +0900] "GET /step03/elTest.jsp HTTP/1.1" 200 307
127.0.0.1 - - [19/May/2022:12:39:56 +0900] "GET / HTTP/1.1" 404 807
0:0:0:0:0:0:0:1 - - [19/May/2022:12:39:57 +0900] "GET /step03/elTest.jsp HTTP/1.1" 200 219
0:0:0:0:0:0:0:1 - - [19/May/2022:12:40:51 +0900] "GET /step03/elTest.jsp?name2=jerry&name=tom HTTP/1.1" 200 223
127.0.0.1 - - [19/May/2022:12:41:41 +0900] "GET / HTTP/1.1" 404 807
0:0:0:0:0:0:0:1 - - [19/May/2022:12:41:42 +0900] "GET /step03/scriptletTest.jsp HTTP/1.1" 200 156
127.0.0.1 - - [19/May/2022:14:21:28 +0900] "GET / HTTP/1.1" 404 807
0:0:0:0:0:0:0:1 - - [19/May/2022:14:21:30 +0900] "GET /step04/TestServlet HTTP/1.1" 200 -
127.0.0.1 - - [19/May/2022:15:08:08 +0900] "GET / HTTP/1.1" 404 807
0:0:0:0:0:0:0:1 - - [19/May/2022:15:08:09 +0900] "GET /step04/index.html HTTP/1.1" 200 197
0:0:0:0:0:0:0:1 - - [19/May/2022:15:08:09 +0900] "GET /step04/board HTTP/1.1" 200 -
127.0.0.1 - - [19/May/2022:15:09:18 +0900] "GET / HTTP/1.1" 404 807
0:0:0:0:0:0:0:1 - - [19/May/2022:15:09:19 +0900] "GET /step04/board HTTP/1.1" 200 -
127.0.0.1 - - [19/May/2022:15:11:25 +0900] "GET / HTTP/1.1" 404 807
0:0:0:0:0:0:0:1 - - [19/May/2022:15:11:26 +0900] "GET /step04/index.html HTTP/1.1" 304 -
0:0:0:0:0:0:0:1 - - [19/May/2022:15:11:26 +0900] "GET /step04/board HTTP/1.1" 200 -
127.0.0.1 - - [19/May/2022:16:50:17 +0900] "GET / HTTP/1.1" 404 807
0:0:0:0:0:0:0:1 - - [19/May/2022:16:50:18 +0900] "GET /step04/index.html HTTP/1.1" 304 -
0:0:0:0:0:0:0:1 - - [19/May/2022:16:50:19 +0900] "GET /step04/board HTTP/1.1" 200 -
127.0.0.1 - - [19/May/2022:17:15:36 +0900] "GET / HTTP/1.1" 404 807
0:0:0:0:0:0:0:1 - - [19/May/2022:17:15:37 +0900] "GET /step04/index.html HTTP/1.1" 304 -
0:0:0:0:0:0:0:1 - - [19/May/2022:17:15:38 +0900] "GET /step04/board HTTP/1.1" 200 32
127.0.0.1 - - [19/May/2022:17:18:25 +0900] "GET / HTTP/1.1" 404 807
0:0:0:0:0:0:0:1 - - [19/May/2022:17:18:27 +0900] "GET /step04/board HTTP/1.1" 200 32
127.0.0.1 - - [19/May/2022:17:28:45 +0900] "GET / HTTP/1.1" 404 807
0:0:0:0:0:0:0:1 - - [19/May/2022:17:28:46 +0900] "GET /step04/board HTTP/1.1" 200 32
